// Jest Snapshot v1, https://goo.gl/fbAQLP

exports[`Schedule Map renders and matches snapshot 1`] = `
"<Map data={{...}} channel=\\"vehicles:Red:0\\" currentShapes={{...}} currentStops={{...}}>
  <div className=\\"m-schedule__map\\">
    <Component bounds={{...}} mapData={{...}}>
      <Map bounds={{...}} center={{...}} zoom={16} maxZoom={18} minZoom={9} scrollWheelZoom={false} style={{...}}>
        <div className={[undefined]} id={[undefined]} style={{...}}>
          <ForwardRef(Leaflet(TileLayer)) attribution=\\"&copy <a href=\\"http://osm.org/copyright\\">OpenStreetMap</a> contributors\\" url=\\"https://mbta-map-tiles-dev.s3.amazonaws.com/osm_tiles/{z}/{x}/{y}.png\\" onload={[Function: onTilesLoaded]}>
            <TileLayer attribution=\\"&copy <a href=\\"http://osm.org/copyright\\">OpenStreetMap</a> contributors\\" url=\\"https://mbta-map-tiles-dev.s3.amazonaws.com/osm_tiles/{z}/{x}/{y}.png\\" onload={[Function: onTilesLoaded]} leaflet={{...}} />
          </ForwardRef(Leaflet(TileLayer))>
          <ForwardRef(Leaflet(Marker)) icon={{...}} alt=\\"Marker\\" position={{...}} zIndexOffset={[undefined]} keyboard={false} onclick={[undefined]}>
            <Marker icon={{...}} alt=\\"Marker\\" position={{...}} zIndexOffset={[undefined]} keyboard={false} onclick={[undefined]} leaflet={{...}}>
              <ForwardRef(Leaflet(Popup)) offset={{...}}>
                <Popup offset={{...}} leaflet={{...}} pane=\\"popupPane\\" />
              </ForwardRef(Leaflet(Popup))>
            </Marker>
          </ForwardRef(Leaflet(Marker))>
        </div>
      </Map>
    </Component>
  </div>
</Map>"
`;
