// Jest Snapshot v1, https://goo.gl/fbAQLP

exports[`RouteCardHeader component renders 1`] = `
"<div className=\\"c-link-block h3 m-tnm-sidebar__route-name u-bg--bus\\">
  <a className=\\"c-link-block__outer-link\\" href=\\"/schedules/1\\">
    <span className=\\"sr-only\\">
      Go to route
    </span>
  </a>
  <div className=\\"c-link-block__inner\\">
    <span className=\\"notranslate\\">
      <span className=\\"bus-route-sign\\" />
      <div className=\\"c-link-block__view-schedule\\">
        View schedule
      </div>
    </span>
  </div>
</div>"
`;
