// Jest Snapshot v1, https://goo.gl/fbAQLP

exports[`ExpandableBranch renders and matches snapshot 1`] = `
"<Provider store={{...}}>
  <ExpandableBranch stopTree={{...}} stopIds={{...}} alerts={{...}} handleStopClick={[Function: handleStopClick]}>
    <div className=\\"m-schedule-diagram__expander\\">
      <ExpandableBlock header={{...}} initiallyExpanded={false} notifyExpanded={[Function: notifyExpanded]} preventScroll={true} id=\\"undefined\\">
        <h3 className=\\"c-expandable-block__header \\" tabIndex={0} id=\\"header-undefined\\" aria-expanded={false} aria-controls=\\"panel-undefined\\" role=\\"button\\" onClick={[Function: onClick]} onKeyPress={[Function: onKeyPress]}>
          <div className=\\"c-expandable-block__header-text\\">
            <div className=\\"m-schedule-diagram__expander-header\\">
              <div style={{...}}>
                <svg className=\\"line-diagram-svg__toggle bus\\" width={21} height=\\"100%\\">
                  <g transform=\\"translate(-1, 1)\\">
                    <rect width={16} height=\\"42\\" rx={8} />
                    <circle cx={8} cy={11} r={4} />
                    <circle cx={8} cy={21} r={4} />
                    <circle cx={8} cy={31} r={4} />
                  </g>
                </svg>
              </div>
              <button className=\\"btn btn-link m-schedule-diagram__toggle\\" type=\\"button\\">
                2
                 
                stops
              </button>
            </div>
            <span className=\\"fa c-expandable-block__header-caret\\" dangerouslySetInnerHTML={{...}} />
          </div>
        </h3>
        <noscript>
          <style />
          <h3 className=\\"c-expandable-block__header\\" />
          <div className=\\"c-expandable-block__panel\\" role=\\"region\\" />
        </noscript>
      </ExpandableBlock>
    </div>
  </ExpandableBranch>
</Provider>"
`;
