// Jest Snapshot v1, https://goo.gl/fbAQLP

exports[`LineDiagramWithStops renders and matches snapshot 1`] = `
"<Provider store={{...}}>
  <LineDiagramWithStops alerts={{...}} directionId={1} handleStopClick={[Function: handleStopClick]} liveData={{...}} route={{...}} routeStopList={{...}} stopTree={{...}}>
    <div className=\\"m-schedule-diagram \\">
      <Diagram alerts={{...}} directionId={1} liveData={{...}} route={{...}} stopTree={{...}}>
        <LiveVehicleIconSet isStart={true} stop={{...}} liveData={{...}} />
        <LiveVehicleIconSet isStart={false} stop={{...}} liveData={{...}} />
        <LiveVehicleIconSet isStart={true} stop={{...}} liveData={{...}} />
        <LiveVehicleIconSet isStart={false} stop={{...}} liveData={{...}} />
        <LiveVehicleIconSet isStart={false} stop={{...}} liveData={{...}} />
        <LiveVehicleIconSet isStart={true} stop={{...}} liveData={{...}} />
        <LiveVehicleIconSet isStart={false} stop={{...}} liveData={{...}} />
        <LiveVehicleIconSet isStart={false} stop={{...}} liveData={{...}} />
        <LiveVehicleIconSet isStart={false} stop={{...}} liveData={{...}} />
        <LiveVehicleIconSet isStart={false} stop={{...}} liveData={{...}} />
        <LiveVehicleIconSet isStart={false} stop={{...}} liveData={{...}} />
        <LiveVehicleIconSet isStart={false} stop={{...}} liveData={{...}} />
        <LiveVehicleIconSet isStart={false} stop={{...}} liveData={{...}} />
        <svg xmlns=\\"http://www.w3.org/2000/svg\\" role=\\"img\\" aria-labelledby=\\"diagram-title diagram-desc\\" className=\\"line-diagram-svg bus\\" width=\\"36px\\" height=\\"100%\\" style={{...}}>
          <title id=\\"diagram-title\\">
            Line diagram for 
            route 1
          </title>
          <desc id=\\"diagram-desc\\">
            8 stops going Inbound to End
            Use undefined to transfer to trains on  branches.
          </desc>
          <defs>
            <pattern id=\\"diagonalHatch\\" width=\\"10\\" height=\\"10\\" patternTransform=\\"rotate(45 0 0)\\" patternUnits=\\"userSpaceOnUse\\">
              <line className=\\"line-diagram-svg__line\\" y2={8} strokeWidth=\\"16px\\" />
            </pattern>
          </defs>
          <Merges stopTree={{...}} alerts={{...}}>
            <g className=\\"line-diagram-svg__merge\\">
              <Line stopTree={{...}} fromId=\\"a2\\" toId=\\"m1\\" alerts={{...}} />
              <Line stopTree={{...}} fromId=\\"c2\\" toId=\\"m2\\" alerts={{...}} />
              <Line stopTree={{...}} fromId=\\"m3\\" toId=\\"y1\\" alerts={{...}}>
                <line className=\\"line-diagram-svg__line\\" strokeWidth=\\"10px\\" x1=\\"11px\\" x2=\\"11px\\" y1=\\"0px\\" y2=\\"0px\\" />
              </Line>
              <path strokeWidth=\\"10px\\" d=\\"M27,0 v-26 a-6,6 0 0 1 -6,6 h-10\\" />
              <path strokeWidth=\\"10px\\" d=\\"M27,0 v-26 a-6,6 0 0 1 -6,6 h-10\\" />
              <path strokeWidth=\\"10px\\" d=\\"M27,0 v66 a-6,-6 0 0 0 -6,-6 h-10\\" />
            </g>
          </Merges>
          <Line stopTree={{...}} fromId=\\"a1\\" toId=\\"a2\\" alerts={{...}} />
          <Line stopTree={{...}} fromId=\\"a2\\" toId=\\"m1\\" alerts={{...}} />
          <Line stopTree={{...}} fromId=\\"b1\\" toId=\\"b2\\" alerts={{...}}>
            <line className=\\"line-diagram-svg__line\\" strokeWidth=\\"10px\\" x1=\\"11px\\" x2=\\"11px\\" y1=\\"0px\\" y2=\\"0px\\" />
          </Line>
          <Line stopTree={{...}} fromId=\\"b2\\" toId=\\"b3\\" alerts={{...}}>
            <line className=\\"line-diagram-svg__line\\" strokeWidth=\\"10px\\" x1=\\"11px\\" x2=\\"11px\\" y1=\\"0px\\" y2=\\"0px\\" />
          </Line>
          <Line stopTree={{...}} fromId=\\"b3\\" toId=\\"m1\\" alerts={{...}}>
            <line className=\\"line-diagram-svg__line\\" strokeWidth=\\"10px\\" x1=\\"11px\\" x2=\\"11px\\" y1=\\"0px\\" y2=\\"0px\\" />
          </Line>
          <Line stopTree={{...}} fromId=\\"c1\\" toId=\\"c2\\" alerts={{...}} />
          <Line stopTree={{...}} fromId=\\"c2\\" toId=\\"m2\\" alerts={{...}} />
          <Line stopTree={{...}} fromId=\\"m1\\" toId=\\"m2\\" alerts={{...}}>
            <line className=\\"line-diagram-svg__line\\" strokeWidth=\\"10px\\" x1=\\"11px\\" x2=\\"11px\\" y1=\\"0px\\" y2=\\"0px\\" />
          </Line>
          <Line stopTree={{...}} fromId=\\"m2\\" toId=\\"m3\\" alerts={{...}}>
            <line className=\\"line-diagram-svg__line\\" strokeWidth=\\"10px\\" x1=\\"11px\\" x2=\\"11px\\" y1=\\"0px\\" y2=\\"0px\\" />
          </Line>
          <Line stopTree={{...}} fromId=\\"m3\\" toId=\\"x1\\" alerts={{...}}>
            <line className=\\"line-diagram-svg__line\\" strokeWidth=\\"10px\\" x1=\\"11px\\" x2=\\"11px\\" y1=\\"0px\\" y2=\\"0px\\" />
          </Line>
          <Line stopTree={{...}} fromId=\\"m3\\" toId=\\"y1\\" alerts={{...}}>
            <line className=\\"line-diagram-svg__line\\" strokeWidth=\\"10px\\" x1=\\"11px\\" x2=\\"11px\\" y1=\\"0px\\" y2=\\"0px\\" />
          </Line>
          <Line stopTree={{...}} fromId=\\"x1\\" toId=\\"x2\\" alerts={{...}}>
            <line className=\\"line-diagram-svg__line\\" strokeWidth=\\"10px\\" x1=\\"11px\\" x2=\\"11px\\" y1=\\"0px\\" y2=\\"0px\\" />
          </Line>
          <Stop stopId=\\"a1\\">
            <circle className=\\"line-diagram-svg__stop\\" r=\\"4px\\" cx=\\"27px\\" cy=\\"0px\\" data-shuttle={false} />
          </Stop>
          <Stop stopId=\\"a2\\" />
          <Stop stopId=\\"b1\\">
            <circle className=\\"line-diagram-svg__stop\\" r=\\"4px\\" cx=\\"11px\\" cy=\\"0px\\" data-shuttle={false} />
          </Stop>
          <Stop stopId=\\"b2\\">
            <circle className=\\"line-diagram-svg__stop\\" r=\\"4px\\" cx=\\"11px\\" cy=\\"0px\\" data-shuttle={false} />
          </Stop>
          <Stop stopId=\\"b3\\">
            <circle className=\\"line-diagram-svg__stop\\" r=\\"4px\\" cx=\\"11px\\" cy=\\"0px\\" data-shuttle={false} />
          </Stop>
          <Stop stopId=\\"c1\\">
            <circle className=\\"line-diagram-svg__stop\\" r=\\"4px\\" cx=\\"27px\\" cy=\\"0px\\" data-shuttle={false} />
          </Stop>
          <Stop stopId=\\"c2\\" />
          <Stop stopId=\\"m1\\">
            <circle className=\\"line-diagram-svg__stop\\" r=\\"4px\\" cx=\\"11px\\" cy=\\"0px\\" data-shuttle={false} />
          </Stop>
          <Stop stopId=\\"m2\\">
            <circle className=\\"line-diagram-svg__stop\\" r=\\"4px\\" cx=\\"11px\\" cy=\\"0px\\" data-shuttle={false} />
          </Stop>
          <Stop stopId=\\"m3\\">
            <circle className=\\"line-diagram-svg__stop\\" r=\\"4px\\" cx=\\"11px\\" cy=\\"0px\\" data-shuttle={false} />
          </Stop>
          <Stop stopId=\\"x1\\">
            <circle className=\\"line-diagram-svg__stop\\" r=\\"4px\\" cx=\\"11px\\" cy=\\"0px\\" data-shuttle={false} />
          </Stop>
          <Stop stopId=\\"x2\\">
            <circle className=\\"line-diagram-svg__stop\\" r=\\"4px\\" cx=\\"11px\\" cy=\\"0px\\" data-shuttle={false} />
          </Stop>
          <Stop stopId=\\"y1\\">
            <circle className=\\"line-diagram-svg__stop\\" r=\\"4px\\" cx=\\"27px\\" cy=\\"0px\\" data-shuttle={false} />
          </Stop>
        </svg>
      </Diagram>
      <ol>
        <NextStopOrBranch alerts={{...}} handleStopClick={[Function: handleStopClick]} liveData={{...}} mergingInBranches={{...}} splittingOffBranches={{...}} stopId=\\"b1\\" stopTree={{...}}>
          <StopCard alerts={{...}} liveData={[undefined]} onClick={[Function: handleStopClick]} routeStopList={{...}} stopId=\\"b1\\" stopTree={{...}}>
            <li className=\\"m-schedule-diagram__stop\\" style={{...}}>
              <section className=\\"m-schedule-diagram__content\\">
                <header className=\\"m-schedule-diagram__stop-heading\\">
                  <h4 className=\\"m-schedule-diagram__stop-link notranslate\\">
                    <a href=\\"/stops/b1\\">
                      <MatchHighlight text={[undefined]} matchQuery={[undefined]}>
                        <span />
                      </MatchHighlight>
                    </a>
                  </h4>
                  <div className=\\"m-schedule-diagram__features\\">
                    <TooltipWrapper tooltipText=\\"Accessible\\" tooltipOptions={{...}}>
                      <span href={[undefined]} data-toggle=\\"tooltip\\" data-trigger=\\"hover focus\\" data-placement=\\"bottom\\" data-animation={true} data-html={false} data-selector=\\"true\\" data-original-title=\\"Accessible\\">
                        <span className=\\"notranslate c-svg__icon-acessible-default m-schedule-diagram__feature-icon\\" aria-hidden=\\"false\\" dangerouslySetInnerHTML={{...}} />
                      </span>
                    </TooltipWrapper>
                  </div>
                </header>
                <div className=\\"m-schedule-diagram__stop-details\\">
                  <div className=\\"m-schedule-diagram__connections\\" />
                </div>
                <footer className=\\"m-schedule-diagram__footer\\">
                  <button className=\\"btn btn-link\\" type=\\"button\\" onClick={[Function: onClick]}>
                    View schedule
                  </button>
                </footer>
              </section>
            </li>
          </StopCard>
          <NextStopOrBranch alerts={{...}} handleStopClick={[Function: handleStopClick]} liveData={{...}} mergingInBranches={{...}} splittingOffBranches={{...}} stopId=\\"b2\\" stopTree={{...}}>
            <StopCard alerts={{...}} liveData={[undefined]} onClick={[Function: handleStopClick]} routeStopList={{...}} stopId=\\"b2\\" stopTree={{...}}>
              <li className=\\"m-schedule-diagram__stop\\" style={{...}}>
                <section className=\\"m-schedule-diagram__content\\">
                  <header className=\\"m-schedule-diagram__stop-heading\\">
                    <h4 className=\\"m-schedule-diagram__stop-link notranslate\\">
                      <a href=\\"/stops/b2\\">
                        <MatchHighlight text={[undefined]} matchQuery={[undefined]}>
                          <span />
                        </MatchHighlight>
                      </a>
                    </h4>
                    <div className=\\"m-schedule-diagram__features\\">
                      <TooltipWrapper tooltipText=\\"Accessible\\" tooltipOptions={{...}}>
                        <span href={[undefined]} data-toggle=\\"tooltip\\" data-trigger=\\"hover focus\\" data-placement=\\"bottom\\" data-animation={true} data-html={false} data-selector=\\"true\\" data-original-title=\\"Accessible\\">
                          <span className=\\"notranslate c-svg__icon-acessible-default m-schedule-diagram__feature-icon\\" aria-hidden=\\"false\\" dangerouslySetInnerHTML={{...}} />
                        </span>
                      </TooltipWrapper>
                    </div>
                  </header>
                  <div className=\\"m-schedule-diagram__stop-details\\">
                    <div className=\\"m-schedule-diagram__connections\\" />
                  </div>
                  <footer className=\\"m-schedule-diagram__footer\\">
                    <button className=\\"btn btn-link\\" type=\\"button\\" onClick={[Function: onClick]}>
                      View schedule
                    </button>
                  </footer>
                </section>
              </li>
            </StopCard>
            <NextStopOrBranch alerts={{...}} handleStopClick={[Function: handleStopClick]} liveData={{...}} mergingInBranches={{...}} splittingOffBranches={{...}} stopId=\\"b3\\" stopTree={{...}}>
              <StopCard alerts={{...}} liveData={[undefined]} onClick={[Function: handleStopClick]} routeStopList={{...}} stopId=\\"b3\\" stopTree={{...}}>
                <li className=\\"m-schedule-diagram__stop\\" style={{...}}>
                  <section className=\\"m-schedule-diagram__content\\">
                    <header className=\\"m-schedule-diagram__stop-heading\\">
                      <h4 className=\\"m-schedule-diagram__stop-link notranslate\\">
                        <a href=\\"/stops/b3\\">
                          <MatchHighlight text={[undefined]} matchQuery={[undefined]}>
                            <span />
                          </MatchHighlight>
                        </a>
                      </h4>
                      <div className=\\"m-schedule-diagram__features\\">
                        <TooltipWrapper tooltipText=\\"Accessible\\" tooltipOptions={{...}}>
                          <span href={[undefined]} data-toggle=\\"tooltip\\" data-trigger=\\"hover focus\\" data-placement=\\"bottom\\" data-animation={true} data-html={false} data-selector=\\"true\\" data-original-title=\\"Accessible\\">
                            <span className=\\"notranslate c-svg__icon-acessible-default m-schedule-diagram__feature-icon\\" aria-hidden=\\"false\\" dangerouslySetInnerHTML={{...}} />
                          </span>
                        </TooltipWrapper>
                      </div>
                    </header>
                    <div className=\\"m-schedule-diagram__stop-details\\">
                      <div className=\\"m-schedule-diagram__connections\\" />
                    </div>
                    <footer className=\\"m-schedule-diagram__footer\\">
                      <button className=\\"btn btn-link\\" type=\\"button\\" onClick={[Function: onClick]}>
                        View schedule
                      </button>
                    </footer>
                  </section>
                </li>
              </StopCard>
              <NextStopOrBranch alerts={{...}} handleStopClick={[Function: handleStopClick]} liveData={{...}} mergingInBranches={{...}} splittingOffBranches={{...}} stopId=\\"m1\\" stopTree={{...}}>
                <StopCard alerts={{...}} liveData={[undefined]} onClick={[Function: handleStopClick]} routeStopList={{...}} stopId=\\"a1\\" stopTree={{...}}>
                  <li className=\\"m-schedule-diagram__stop\\" style={{...}}>
                    <section className=\\"m-schedule-diagram__content\\">
                      <header className=\\"m-schedule-diagram__stop-heading\\">
                        <h4 className=\\"m-schedule-diagram__stop-link notranslate\\">
                          <a href=\\"/stops/a1\\">
                            <MatchHighlight text={[undefined]} matchQuery={[undefined]}>
                              <span />
                            </MatchHighlight>
                          </a>
                        </h4>
                        <div className=\\"m-schedule-diagram__features\\">
                          <TooltipWrapper tooltipText=\\"Accessible\\" tooltipOptions={{...}}>
                            <span href={[undefined]} data-toggle=\\"tooltip\\" data-trigger=\\"hover focus\\" data-placement=\\"bottom\\" data-animation={true} data-html={false} data-selector=\\"true\\" data-original-title=\\"Accessible\\">
                              <span className=\\"notranslate c-svg__icon-acessible-default m-schedule-diagram__feature-icon\\" aria-hidden=\\"false\\" dangerouslySetInnerHTML={{...}} />
                            </span>
                          </TooltipWrapper>
                        </div>
                      </header>
                      <div className=\\"m-schedule-diagram__stop-details\\">
                        <div className=\\"m-schedule-diagram__connections\\" />
                      </div>
                      <footer className=\\"m-schedule-diagram__footer\\">
                        <button className=\\"btn btn-link\\" type=\\"button\\" onClick={[Function: onClick]}>
                          View schedule
                        </button>
                      </footer>
                    </section>
                  </li>
                </StopCard>
                <ExpandableBranch alerts={{...}} handleStopClick={[Function: handleStopClick]} liveData={{...}} stopIds={{...}} stopTree={{...}}>
                  <div className=\\"m-schedule-diagram__expander\\">
                    <ExpandableBlock header={{...}} initiallyExpanded={false} notifyExpanded={[Function: notifyExpanded]} preventScroll={true} id=\\"undefined\\">
                      <h3 className=\\"c-expandable-block__header \\" tabIndex={0} id=\\"header-undefined\\" aria-expanded={false} aria-controls=\\"panel-undefined\\" role=\\"button\\" onClick={[Function: onClick]} onKeyPress={[Function: onKeyPress]}>
                        <div className=\\"c-expandable-block__header-text\\">
                          <div className=\\"m-schedule-diagram__expander-header\\">
                            <div style={{...}}>
                              <svg className=\\"line-diagram-svg__toggle bus\\" width={37} height=\\"100%\\">
                                <g transform=\\"translate(15, 1)\\">
                                  <rect width={16} height=\\"42\\" rx={8} />
                                  <circle cx={8} cy={11} r={4} />
                                  <circle cx={8} cy={21} r={4} />
                                  <circle cx={8} cy={31} r={4} />
                                </g>
                              </svg>
                            </div>
                            <button className=\\"btn btn-link m-schedule-diagram__toggle\\" type=\\"button\\">
                              1
                               stops
                            </button>
                          </div>
                          <span className=\\"fa c-expandable-block__header-caret\\" dangerouslySetInnerHTML={{...}} />
                        </div>
                      </h3>
                      <noscript>
                        <style />
                        <h3 className=\\"c-expandable-block__header\\" />
                        <div className=\\"c-expandable-block__panel\\" role=\\"region\\" />
                      </noscript>
                    </ExpandableBlock>
                  </div>
                </ExpandableBranch>
                <NextStopOrBranch alerts={{...}} handleStopClick={[Function: handleStopClick]} liveData={{...}} mergingInBranches={{...}} splittingOffBranches={{...}} stopId=\\"m1\\" stopTree={{...}}>
                  <StopCard alerts={{...}} liveData={[undefined]} onClick={[Function: handleStopClick]} routeStopList={{...}} stopId=\\"m1\\" stopTree={{...}}>
                    <li className=\\"m-schedule-diagram__stop\\" style={{...}}>
                      <section className=\\"m-schedule-diagram__content\\">
                        <header className=\\"m-schedule-diagram__stop-heading\\">
                          <h4 className=\\"m-schedule-diagram__stop-link notranslate\\">
                            <a href=\\"/stops/m1\\">
                              <MatchHighlight text={[undefined]} matchQuery={[undefined]}>
                                <span />
                              </MatchHighlight>
                            </a>
                          </h4>
                          <div className=\\"m-schedule-diagram__features\\">
                            <TooltipWrapper tooltipText=\\"Accessible\\" tooltipOptions={{...}}>
                              <span href={[undefined]} data-toggle=\\"tooltip\\" data-trigger=\\"hover focus\\" data-placement=\\"bottom\\" data-animation={true} data-html={false} data-selector=\\"true\\" data-original-title=\\"Accessible\\">
                                <span className=\\"notranslate c-svg__icon-acessible-default m-schedule-diagram__feature-icon\\" aria-hidden=\\"false\\" dangerouslySetInnerHTML={{...}} />
                              </span>
                            </TooltipWrapper>
                          </div>
                        </header>
                        <div className=\\"m-schedule-diagram__stop-details\\">
                          <div className=\\"m-schedule-diagram__connections\\" />
                        </div>
                        <footer className=\\"m-schedule-diagram__footer\\">
                          <button className=\\"btn btn-link\\" type=\\"button\\" onClick={[Function: onClick]}>
                            View schedule
                          </button>
                        </footer>
                      </section>
                    </li>
                  </StopCard>
                  <NextStopOrBranch alerts={{...}} handleStopClick={[Function: handleStopClick]} liveData={{...}} mergingInBranches={{...}} splittingOffBranches={{...}} stopId=\\"m2\\" stopTree={{...}}>
                    <StopCard alerts={{...}} liveData={[undefined]} onClick={[Function: handleStopClick]} routeStopList={{...}} stopId=\\"c1\\" stopTree={{...}}>
                      <li className=\\"m-schedule-diagram__stop\\" style={{...}}>
                        <section className=\\"m-schedule-diagram__content\\">
                          <header className=\\"m-schedule-diagram__stop-heading\\">
                            <h4 className=\\"m-schedule-diagram__stop-link notranslate\\">
                              <a href=\\"/stops/c1\\">
                                <MatchHighlight text={[undefined]} matchQuery={[undefined]}>
                                  <span />
                                </MatchHighlight>
                              </a>
                            </h4>
                            <div className=\\"m-schedule-diagram__features\\">
                              <TooltipWrapper tooltipText=\\"Accessible\\" tooltipOptions={{...}}>
                                <span href={[undefined]} data-toggle=\\"tooltip\\" data-trigger=\\"hover focus\\" data-placement=\\"bottom\\" data-animation={true} data-html={false} data-selector=\\"true\\" data-original-title=\\"Accessible\\">
                                  <span className=\\"notranslate c-svg__icon-acessible-default m-schedule-diagram__feature-icon\\" aria-hidden=\\"false\\" dangerouslySetInnerHTML={{...}} />
                                </span>
                              </TooltipWrapper>
                            </div>
                          </header>
                          <div className=\\"m-schedule-diagram__stop-details\\">
                            <div className=\\"m-schedule-diagram__connections\\" />
                          </div>
                          <footer className=\\"m-schedule-diagram__footer\\">
                            <button className=\\"btn btn-link\\" type=\\"button\\" onClick={[Function: onClick]}>
                              View schedule
                            </button>
                          </footer>
                        </section>
                      </li>
                    </StopCard>
                    <ExpandableBranch alerts={{...}} handleStopClick={[Function: handleStopClick]} liveData={{...}} stopIds={{...}} stopTree={{...}}>
                      <div className=\\"m-schedule-diagram__expander\\">
                        <ExpandableBlock header={{...}} initiallyExpanded={false} notifyExpanded={[Function: notifyExpanded]} preventScroll={true} id=\\"undefined\\">
                          <h3 className=\\"c-expandable-block__header \\" tabIndex={0} id=\\"header-undefined\\" aria-expanded={false} aria-controls=\\"panel-undefined\\" role=\\"button\\" onClick={[Function: onClick]} onKeyPress={[Function: onKeyPress]}>
                            <div className=\\"c-expandable-block__header-text\\">
                              <div className=\\"m-schedule-diagram__expander-header\\">
                                <div style={{...}}>
                                  <svg className=\\"line-diagram-svg__toggle bus\\" width={37} height=\\"100%\\">
                                    <g transform=\\"translate(15, 1)\\">
                                      <rect width={16} height=\\"42\\" rx={8} />
                                      <circle cx={8} cy={11} r={4} />
                                      <circle cx={8} cy={21} r={4} />
                                      <circle cx={8} cy={31} r={4} />
                                    </g>
                                  </svg>
                                </div>
                                <button className=\\"btn btn-link m-schedule-diagram__toggle\\" type=\\"button\\">
                                  1
                                   stops
                                </button>
                              </div>
                              <span className=\\"fa c-expandable-block__header-caret\\" dangerouslySetInnerHTML={{...}} />
                            </div>
                          </h3>
                          <noscript>
                            <style />
                            <h3 className=\\"c-expandable-block__header\\" />
                            <div className=\\"c-expandable-block__panel\\" role=\\"region\\" />
                          </noscript>
                        </ExpandableBlock>
                      </div>
                    </ExpandableBranch>
                    <NextStopOrBranch alerts={{...}} handleStopClick={[Function: handleStopClick]} liveData={{...}} mergingInBranches={{...}} splittingOffBranches={{...}} stopId=\\"m2\\" stopTree={{...}}>
                      <StopCard alerts={{...}} liveData={[undefined]} onClick={[Function: handleStopClick]} routeStopList={{...}} stopId=\\"m2\\" stopTree={{...}}>
                        <li className=\\"m-schedule-diagram__stop\\" style={{...}}>
                          <section className=\\"m-schedule-diagram__content\\">
                            <header className=\\"m-schedule-diagram__stop-heading\\">
                              <h4 className=\\"m-schedule-diagram__stop-link notranslate\\">
                                <a href=\\"/stops/m2\\">
                                  <MatchHighlight text={[undefined]} matchQuery={[undefined]}>
                                    <span />
                                  </MatchHighlight>
                                </a>
                              </h4>
                              <div className=\\"m-schedule-diagram__features\\">
                                <TooltipWrapper tooltipText=\\"Accessible\\" tooltipOptions={{...}}>
                                  <span href={[undefined]} data-toggle=\\"tooltip\\" data-trigger=\\"hover focus\\" data-placement=\\"bottom\\" data-animation={true} data-html={false} data-selector=\\"true\\" data-original-title=\\"Accessible\\">
                                    <span className=\\"notranslate c-svg__icon-acessible-default m-schedule-diagram__feature-icon\\" aria-hidden=\\"false\\" dangerouslySetInnerHTML={{...}} />
                                  </span>
                                </TooltipWrapper>
                              </div>
                            </header>
                            <div className=\\"m-schedule-diagram__stop-details\\">
                              <div className=\\"m-schedule-diagram__connections\\" />
                            </div>
                            <footer className=\\"m-schedule-diagram__footer\\">
                              <button className=\\"btn btn-link\\" type=\\"button\\" onClick={[Function: onClick]}>
                                View schedule
                              </button>
                            </footer>
                          </section>
                        </li>
                      </StopCard>
                      <NextStopOrBranch alerts={{...}} handleStopClick={[Function: handleStopClick]} liveData={{...}} mergingInBranches={{...}} splittingOffBranches={{...}} stopId=\\"m3\\" stopTree={{...}}>
                        <StopCard alerts={{...}} liveData={[undefined]} onClick={[Function: handleStopClick]} routeStopList={{...}} stopId=\\"m3\\" stopTree={{...}}>
                          <li className=\\"m-schedule-diagram__stop\\" style={{...}}>
                            <section className=\\"m-schedule-diagram__content\\">
                              <header className=\\"m-schedule-diagram__stop-heading\\">
                                <h4 className=\\"m-schedule-diagram__stop-link notranslate\\">
                                  <a href=\\"/stops/m3\\">
                                    <MatchHighlight text={[undefined]} matchQuery={[undefined]}>
                                      <span />
                                    </MatchHighlight>
                                  </a>
                                </h4>
                                <div className=\\"m-schedule-diagram__features\\">
                                  <TooltipWrapper tooltipText=\\"Accessible\\" tooltipOptions={{...}}>
                                    <span href={[undefined]} data-toggle=\\"tooltip\\" data-trigger=\\"hover focus\\" data-placement=\\"bottom\\" data-animation={true} data-html={false} data-selector=\\"true\\" data-original-title=\\"Accessible\\">
                                      <span className=\\"notranslate c-svg__icon-acessible-default m-schedule-diagram__feature-icon\\" aria-hidden=\\"false\\" dangerouslySetInnerHTML={{...}} />
                                    </span>
                                  </TooltipWrapper>
                                </div>
                              </header>
                              <div className=\\"m-schedule-diagram__stop-details\\">
                                <div className=\\"m-schedule-diagram__connections\\" />
                              </div>
                              <footer className=\\"m-schedule-diagram__footer\\">
                                <button className=\\"btn btn-link\\" type=\\"button\\" onClick={[Function: onClick]}>
                                  View schedule
                                </button>
                              </footer>
                            </section>
                          </li>
                        </StopCard>
                        <NextStopOrBranch alerts={{...}} handleStopClick={[Function: handleStopClick]} liveData={{...}} mergingInBranches={{...}} splittingOffBranches={{...}} stopId=\\"x1\\" stopTree={{...}}>
                          <StopCard stopTree={{...}} routeStopList={{...}} stopId=\\"y1\\" alerts={{...}} onClick={[Function: handleStopClick]} liveData={[undefined]}>
                            <li className=\\"m-schedule-diagram__stop\\" style={{...}}>
                              <section className=\\"m-schedule-diagram__content\\">
                                <header className=\\"m-schedule-diagram__stop-heading\\">
                                  <h4 className=\\"m-schedule-diagram__stop-link notranslate\\">
                                    <a href=\\"/stops/y1\\">
                                      <MatchHighlight text={[undefined]} matchQuery={[undefined]}>
                                        <span />
                                      </MatchHighlight>
                                    </a>
                                  </h4>
                                  <div className=\\"m-schedule-diagram__features\\">
                                    <TooltipWrapper tooltipText=\\"Accessible\\" tooltipOptions={{...}}>
                                      <span href={[undefined]} data-toggle=\\"tooltip\\" data-trigger=\\"hover focus\\" data-placement=\\"bottom\\" data-animation={true} data-html={false} data-selector=\\"true\\" data-original-title=\\"Accessible\\">
                                        <span className=\\"notranslate c-svg__icon-acessible-default m-schedule-diagram__feature-icon\\" aria-hidden=\\"false\\" dangerouslySetInnerHTML={{...}} />
                                      </span>
                                    </TooltipWrapper>
                                  </div>
                                </header>
                                <div className=\\"m-schedule-diagram__stop-details\\">
                                  <div className=\\"m-schedule-diagram__connections\\" />
                                </div>
                              </section>
                            </li>
                          </StopCard>
                          <NextStopOrBranch stopTree={{...}} stopId=\\"x1\\" alerts={{...}} mergingInBranches={{...}} splittingOffBranches={{...}} handleStopClick={[Function: handleStopClick]} liveData={{...}}>
                            <StopCard alerts={{...}} liveData={[undefined]} onClick={[Function: handleStopClick]} routeStopList={{...}} stopId=\\"x1\\" stopTree={{...}}>
                              <li className=\\"m-schedule-diagram__stop\\" style={{...}}>
                                <section className=\\"m-schedule-diagram__content\\">
                                  <header className=\\"m-schedule-diagram__stop-heading\\">
                                    <h4 className=\\"m-schedule-diagram__stop-link notranslate\\">
                                      <a href=\\"/stops/x1\\">
                                        <MatchHighlight text={[undefined]} matchQuery={[undefined]}>
                                          <span />
                                        </MatchHighlight>
                                      </a>
                                    </h4>
                                    <div className=\\"m-schedule-diagram__features\\">
                                      <TooltipWrapper tooltipText=\\"Accessible\\" tooltipOptions={{...}}>
                                        <span href={[undefined]} data-toggle=\\"tooltip\\" data-trigger=\\"hover focus\\" data-placement=\\"bottom\\" data-animation={true} data-html={false} data-selector=\\"true\\" data-original-title=\\"Accessible\\">
                                          <span className=\\"notranslate c-svg__icon-acessible-default m-schedule-diagram__feature-icon\\" aria-hidden=\\"false\\" dangerouslySetInnerHTML={{...}} />
                                        </span>
                                      </TooltipWrapper>
                                    </div>
                                  </header>
                                  <div className=\\"m-schedule-diagram__stop-details\\">
                                    <div className=\\"m-schedule-diagram__connections\\" />
                                  </div>
                                  <footer className=\\"m-schedule-diagram__footer\\">
                                    <button className=\\"btn btn-link\\" type=\\"button\\" onClick={[Function: onClick]}>
                                      View schedule
                                    </button>
                                  </footer>
                                </section>
                              </li>
                            </StopCard>
                            <NextStopOrBranch alerts={{...}} handleStopClick={[Function: handleStopClick]} liveData={{...}} mergingInBranches={{...}} splittingOffBranches={{...}} stopId=\\"x2\\" stopTree={{...}}>
                              <StopCard alerts={{...}} liveData={[undefined]} onClick={[Function: handleStopClick]} routeStopList={{...}} stopId=\\"x2\\" stopTree={{...}}>
                                <li className=\\"m-schedule-diagram__stop\\" style={{...}}>
                                  <section className=\\"m-schedule-diagram__content\\">
                                    <header className=\\"m-schedule-diagram__stop-heading\\">
                                      <h4 className=\\"m-schedule-diagram__stop-link notranslate\\">
                                        <a href=\\"/stops/x2\\">
                                          <MatchHighlight text={[undefined]} matchQuery={[undefined]}>
                                            <span />
                                          </MatchHighlight>
                                        </a>
                                      </h4>
                                      <div className=\\"m-schedule-diagram__features\\">
                                        <TooltipWrapper tooltipText=\\"Accessible\\" tooltipOptions={{...}}>
                                          <span href={[undefined]} data-toggle=\\"tooltip\\" data-trigger=\\"hover focus\\" data-placement=\\"bottom\\" data-animation={true} data-html={false} data-selector=\\"true\\" data-original-title=\\"Accessible\\">
                                            <span className=\\"notranslate c-svg__icon-acessible-default m-schedule-diagram__feature-icon\\" aria-hidden=\\"false\\" dangerouslySetInnerHTML={{...}} />
                                          </span>
                                        </TooltipWrapper>
                                      </div>
                                    </header>
                                    <div className=\\"m-schedule-diagram__stop-details\\">
                                      <div className=\\"m-schedule-diagram__connections\\" />
                                    </div>
                                  </section>
                                </li>
                              </StopCard>
                            </NextStopOrBranch>
                          </NextStopOrBranch>
                        </NextStopOrBranch>
                      </NextStopOrBranch>
                    </NextStopOrBranch>
                  </NextStopOrBranch>
                </NextStopOrBranch>
              </NextStopOrBranch>
            </NextStopOrBranch>
          </NextStopOrBranch>
        </NextStopOrBranch>
      </ol>
    </div>
  </LineDiagramWithStops>
</Provider>"
`;
