// Jest Snapshot v1, https://goo.gl/fbAQLP

exports[`StopCard renders and matches snapshot 1`] = `
"<Provider store={{...}}>
  <StopCard stopTree={{...}} routeStopList={{...}} stopId=\\"a\\" alerts={{...}} onClick={[Function: handleStopClick]} liveData={{...}}>
    <li className=\\"m-schedule-diagram__stop\\" style={{...}}>
      <section className=\\"m-schedule-diagram__content\\">
        <header className=\\"m-schedule-diagram__stop-heading\\">
          <h4 className=\\"m-schedule-diagram__stop-link notranslate\\">
            <a href=\\"/stops/a\\">
              <Alert>
                <span className=\\"notranslate c-svg__icon-alerts-triangle\\" aria-hidden=\\"false\\" dangerouslySetInnerHTML={{...}} />
                <span className=\\"sr-only\\">
                  Service alert or delay
                </span>
                Â 
              </Alert>
              <MatchHighlight text={[undefined]} matchQuery={[undefined]}>
                <span />
              </MatchHighlight>
            </a>
          </h4>
          <div className=\\"m-schedule-diagram__features\\">
            <TooltipWrapper tooltipText=\\"Parking\\" tooltipOptions={{...}}>
              <span href={[undefined]} data-toggle=\\"tooltip\\" data-trigger=\\"hover focus\\" data-placement=\\"bottom\\" data-animation={true} data-html={false} data-selector=\\"true\\" data-original-title=\\"Parking\\">
                <i className=\\"fa fa-square-parking notranslate u-color-gray-light m-schedule-diagram__feature-icon\\" aria-hidden=\\"false\\" />
              </span>
            </TooltipWrapper>
          </div>
        </header>
        <div className=\\"m-schedule-diagram__stop-details\\">
          <StopConnections connections={{...}}>
            <div className=\\"m-schedule-diagram__connections\\">
              <TooltipWrapper href=\\"/schedules/Orange/line\\" tooltipText=\\"Orange Line\\" tooltipOptions={{...}}>
                <a href=\\"/schedules/Orange/line\\" data-toggle=\\"tooltip\\" data-trigger=\\"hover focus\\" data-placement=\\"bottom\\" data-animation={false} data-html={false} data-selector=\\"true\\" data-original-title=\\"Orange Line\\">
                  <span className=\\"m-schedule-diagram__connection\\">
                    <span className=\\"notranslate c-svg__icon\\" aria-hidden=\\"false\\" dangerouslySetInnerHTML={{...}} />
                  </span>
                </a>
              </TooltipWrapper>
            </div>
          </StopConnections>
          <div className=\\"m-schedule-diagram__alert\\">
            Detour
          </div>
        </div>
        <footer className=\\"m-schedule-diagram__footer\\">
          <button className=\\"btn btn-link\\" type=\\"button\\" onClick={[Function: onClick]}>
            View schedule
          </button>
        </footer>
      </section>
    </li>
  </StopCard>
</Provider>"
`;
